---
source: crates/corrosion/tests/db.rs
expression: "only_row"
---
+-----------------------+------+-----------------------------------------+--------------------+
| endpoint              | icao | tokens                                  | json(contributors) |
+=======================+======+=========================================+====================+
| ::8888:8888:8888:8888 | VVVV | TokenSet({[184, 34, 0, 0, 0, 0, 0, 0]}) | {"::aaff:eeff":{}} |
+-----------------------+------+-----------------------------------------+--------------------+
