---
source: crates/corrosion/tests/db.rs
expression: only_row().await
---
+-----------+------+----------------------------------------------------------------------------------------------+
| endpoint  | icao | tokens                                                                                       |
+===========+======+==============================================================================================+
| 0.0.0.0:0 | ZZZZ | TokenSet({[90, 90, 90, 90, 90, 90, 90, 90, 90, 90, 90, 90, 90, 90, 90, 90, 90, 90, 90, 90]}) |
+-----------+------+----------------------------------------------------------------------------------------------+
